anchors 5000: matched 4721 singletons 279; true pairs 17184; countries {'US': 2959, 'India': 2041}
tables built 41s; lex pairs/anchor: addrnum2 358, addrnum0 498, prefix4c 192, tokc300 52, all 1070, addr2+0 851 expansion 21.0

=== single configs
                        tag  cand_mean  cand_matched  cand_single  pair_R  any_hit  cluster_full  nonlatin_R  India_R   US_R
                   dense@20    20.0000       20.0000      20.0000  0.9395   0.9941        0.8202      0.8303   0.8984 0.9677
                   dense@30    30.0000       30.0000      30.0000  0.9454   0.9943        0.8348      0.8527   0.9070 0.9718
                   dense@50    50.0000       50.0000      50.0000  0.9516   0.9943        0.8521      0.8791   0.9167 0.9756
                   dense@75    75.0000       75.0000      75.0000  0.9568   0.9945        0.8655      0.8991   0.9253 0.9784
                  dense@100   100.0000      100.0000     100.0000  0.9598   0.9947        0.8744      0.9087   0.9293 0.9807
 dense50+lex[addrnum2]top25    66.4544       66.3993      67.3871  0.9578   0.9951        0.8672      0.8799   0.9310 0.9762
 dense50+lex[addrnum2]top50    79.2408       79.1182      81.3154  0.9581   0.9951        0.8676      0.8799   0.9316 0.9763
dense50+lex[addrnum2]top100    99.9258       99.6630     104.3728  0.9583   0.9953        0.8682      0.8799   0.9322 0.9763
 dense50+lex[addrnum0]top25    62.6020       62.6954      61.0215  0.9552   0.9947        0.8630      0.8903   0.9224 0.9777
 dense50+lex[addrnum0]top50    74.6360       74.8242      71.4516  0.9556   0.9947        0.8642      0.8911   0.9233 0.9777
dense50+lex[addrnum0]top100    97.7060       98.0873      91.2545  0.9557   0.9947        0.8644      0.8919   0.9236 0.9777
 dense50+lex[prefix4c]top25    59.8638       59.8151      60.6882  0.9623   0.9949        0.8846      0.8791   0.9357 0.9805
 dense50+lex[prefix4c]top50    68.6722       68.5774      70.2760  0.9633   0.9953        0.8877      0.8791   0.9375 0.9810
dense50+lex[prefix4c]top100    84.4350       84.3148      86.4695  0.9641   0.9953        0.8903      0.8791   0.9385 0.9817
  dense50+lex[tokc300]top25    59.1276       59.1559      58.6487  0.9627   0.9949        0.8865      0.8791   0.9376 0.9799
  dense50+lex[tokc300]top50    66.8208       66.9218      65.1111  0.9637   0.9951        0.8903      0.8791   0.9389 0.9808
 dense50+lex[tokc300]top100    79.5404       79.8261      74.7061  0.9643   0.9951        0.8922      0.8791   0.9398 0.9812
      dense50+lex[all]top25    74.0640       74.0625      74.0896  0.9678   0.9962        0.9000      0.8911   0.9461 0.9827
      dense50+lex[all]top50    97.2868       97.2847      97.3226  0.9697   0.9964        0.9060      0.8919   0.9499 0.9833
     dense50+lex[all]top100   141.3004      141.3194     140.9785  0.9718   0.9968        0.9123      0.8927   0.9532 0.9846
  dense50+lex[addr2+0]top25    72.7508       72.7670      72.4767  0.9599   0.9956        0.8740      0.8911   0.9336 0.9779
  dense50+lex[addr2+0]top50    93.9388       93.9585      93.6057  0.9604   0.9956        0.8750      0.8919   0.9346 0.9780
 dense50+lex[addr2+0]top100   132.4732      132.5391     131.3584  0.9609   0.9958        0.8763      0.8927   0.9359 0.9780
           dense50+expand10    56.8442       56.7075      59.1577  0.9583   0.9945        0.8699      0.9103   0.9290 0.9783
           dense50+expand20    59.3506       58.9750      65.7061  0.9590   0.9945        0.8718      0.9151   0.9306 0.9784
           dense50+expand30    59.6882       59.2383      67.3011  0.9590   0.9945        0.8718      0.9151   0.9306 0.9784

=== grid (cand_mean <= 160), top by pair_R
               tag  cand_mean  cand_matched  cand_single  pair_R  any_hit  cluster_full  nonlatin_R  India_R   US_R
D70+E20+L60[votes]   134.9782      134.5965     141.4373  0.9770   0.9966        0.9261      0.9295   0.9628 0.9867
D70+E10+L60[votes]   132.7766      132.6204     135.4194  0.9767   0.9966        0.9252      0.9263   0.9621 0.9867
D50+E20+L60[votes]   115.6922      115.3129     122.1111  0.9757   0.9964        0.9235      0.9207   0.9608 0.9860
D70+E20+L60[score]   134.9782      134.5965     141.4373  0.9754   0.9968        0.9210      0.9303   0.9595 0.9864
D50+E10+L60[votes]   113.1864      113.0458     115.5663  0.9754   0.9964        0.9225      0.9167   0.9599 0.9860
D70+E20+L40[votes]   116.7446      116.3650     123.1685  0.9753   0.9964        0.9204      0.9279   0.9605 0.9854
D70+E10+L60[score]   132.7766      132.6204     135.4194  0.9751   0.9968        0.9201      0.9271   0.9586 0.9864
D70+E10+L40[votes]   114.5426      114.3887     117.1470  0.9749   0.9964        0.9191      0.9247   0.9596 0.9853
D40+E20+L60[votes]   106.1854      105.8128     112.4910  0.9747   0.9964        0.9206      0.9127   0.9594 0.9852
D70+E20+L40[score]   116.7446      116.3650     123.1685  0.9742   0.9966        0.9170      0.9303   0.9582 0.9852
D40+E10+L60[votes]   103.4850      103.3548     105.6882  0.9742   0.9964        0.9193      0.9079   0.9584 0.9851
 D70+E0+L60[votes]   126.3392      126.3349     126.4122  0.9742   0.9966        0.9187      0.9095   0.9572 0.9858
D50+E20+L60[score]   115.6922      115.3129     122.1111  0.9742   0.9966        0.9182      0.9215   0.9575 0.9856
D50+E20+L40[votes]    97.4564       97.0792     103.8387  0.9738   0.9962        0.9172      0.9191   0.9585 0.9843
D50+E10+L60[score]   113.1864      113.0458     115.5663  0.9738   0.9966        0.9172      0.9175   0.9565 0.9856
D70+E10+L40[score]   114.5426      114.3887     117.1470  0.9738   0.9966        0.9157      0.9271   0.9572 0.9851
D30+E20+L60[votes]    96.8388       96.4728     103.0323  0.9735   0.9964        0.9170      0.9071   0.9574 0.9846
D70+E20+L20[votes]    97.9502       97.5717     104.3548  0.9734   0.9960        0.9144      0.9263   0.9574 0.9844
D50+E10+L40[votes]    94.9502       94.8119      97.2903  0.9733   0.9962        0.9157      0.9151   0.9575 0.9842
D40+E20+L60[score]   106.1854      105.8128     112.4910  0.9732   0.9966        0.9155      0.9135   0.9561 0.9849
D70+E10+L20[votes]    95.7482       95.5954      98.3333  0.9730   0.9960        0.9132      0.9231   0.9565 0.9843
D30+E10+L60[votes]    93.8472       93.7278      95.8674  0.9729   0.9964        0.9153      0.9023   0.9561 0.9844
D50+E20+L40[score]    97.4564       97.0792     103.8387  0.9728   0.9964        0.9142      0.9207   0.9558 0.9845
D40+E20+L40[votes]    87.9480       87.5778      94.2115  0.9728   0.9962        0.9142      0.9111   0.9571 0.9835
D40+E10+L60[score]   103.4850      103.3548     105.6882  0.9726   0.9966        0.9140      0.9087   0.9549 0.9848

=== Pareto: best pair_R at each mean-candidate budget
60 D30+E20+L20[votes] 59.7972 59.4344 65.9355 0.9698 0.9956 0.9051 0.9039 0.9513 0.9824
80 D50+E20+L20[votes] 78.6592 78.283 85.0251 0.9721 0.9958 0.9117 0.9175 0.9552 0.9836
100 D50+E20+L40[votes] 97.4564 97.0792 103.8387 0.9738 0.9962 0.9172 0.9191 0.9585 0.9843
125 D50+E20+L60[votes] 115.6922 115.3129 122.1111 0.9757 0.9964 0.9235 0.9207 0.9608 0.986
150 D70+E20+L60[votes] 134.9782 134.5965 141.4373 0.977 0.9966 0.9261 0.9295 0.9628 0.9867

=== breakdown dense@50 (TRUE full pool): cand mean 50.0 (matched 50.0, singleton 50.0)
                         pairs  pair_R  cluster_full  any_hit
overall                17184.0  0.9516        0.8521   0.9943
country=India           6988.0  0.9167        0.7609   0.9879
country=US             10196.0  0.9756        0.9140   0.9986
script=latin           15935.0  0.9573        0.8692   0.9924
script=nonlatin         1249.0  0.8791        0.8169   0.9331
src=S2                  8306.0  0.9593        0.9261   0.9795
src=S3                  8878.0  0.9445        0.9019   0.9735
India,script=latin      5739.0  0.9249        0.7999   0.9830
India,script=nonlatin   1249.0  0.8791        0.8169   0.9331
US,script=latin        10196.0  0.9756        0.9140   0.9986
best <=150 grid config: D70+E20+L60[votes]

=== breakdown D70+E20+L60[votes]: cand mean 135.0 (matched 134.6, singleton 141.4)
                         pairs  pair_R  cluster_full  any_hit
overall                17184.0  0.9770        0.9261   0.9966
country=India           6988.0  0.9628        0.8867   0.9927
country=US             10196.0  0.9867        0.9527   0.9993
script=latin           15935.0  0.9807        0.9374   0.9959
script=nonlatin         1249.0  0.9295        0.8869   0.9475
src=S2                  8306.0  0.9780        0.9601   0.9868
src=S3                  8878.0  0.9760        0.9546   0.9893
India,script=latin      5739.0  0.9700        0.9137   0.9907
India,script=nonlatin   1249.0  0.9295        0.8869   0.9475
US,script=latin        10196.0  0.9867        0.9527   0.9993

=== singleton anchors (must get empty predictions later)
singletons n 279 dense top1 cos pctl 5/25/50/75/95: [0.897  0.9219 0.9346 0.9456 0.9609]
matched n 4721 dense top1 cos pctl 5/25/50/75/95: [0.9243 0.9419 0.9517 0.9609 0.9731]
  India: singleton n 134 cand@dense50 50.0 cand@best 140.4; top1 median singleton 0.937 vs matched 0.958
  US: singleton n 145 cand@dense50 50.0 cand@best 142.4; top1 median singleton 0.933 vs matched 0.948
a top1-cos threshold keeping 90% of matched anchors abstains on 43.0% of singletons (thr 0.931); note top1 alone is a weak abstain signal, matcher decides
REPORT DONE 175.2736394405365 rss 10.953128
