Warning: You are sending unauthenticated requests to the HF Hub. Please set a HF_TOKEN to enable higher rate limits and faster downloads.
Loading weights:   0%|          | 0/199 [00:00<?, ?it/s]Loading weights: 100%|██████████| 199/199 [00:00<00:00, 5966.51it/s]
[India] rows 4133346 resume at 0
[India] 100000/4133346  elapsed 0.2m  rate 7058/s  ETA 24.1m  rss 5.8GB
[India] 200000/4133346  elapsed 0.5m  rate 7135/s  ETA 23.6m  rss 6.0GB
[India] 300000/4133346  elapsed 0.7m  rate 7115/s  ETA 23.5m  rss 6.0GB
[India] 400000/4133346  elapsed 0.9m  rate 7083/s  ETA 23.3m  rss 6.1GB
[India] 500000/4133346  elapsed 1.2m  rate 7061/s  ETA 23.2m  rss 6.2GB
[India] 600000/4133346  elapsed 1.4m  rate 7052/s  ETA 23.0m  rss 6.3GB
[India] 700000/4133346  elapsed 1.7m  rate 6982/s  ETA 23.0m  rss 6.3GB
[India] 800000/4133346  elapsed 1.9m  rate 6929/s  ETA 22.9m  rss 6.3GB
[India] 900000/4133346  elapsed 2.2m  rate 6943/s  ETA 22.6m  rss 6.3GB
[India] 1000000/4133346  elapsed 2.4m  rate 6953/s  ETA 22.3m  rss 6.3GB
[India] 1100000/4133346  elapsed 2.6m  rate 6962/s  ETA 22.1m  rss 6.3GB
[India] 1200000/4133346  elapsed 2.9m  rate 6967/s  ETA 21.8m  rss 6.3GB
[India] 1300000/4133346  elapsed 3.1m  rate 6969/s  ETA 21.6m  rss 6.3GB
[India] 1400000/4133346  elapsed 3.3m  rate 6975/s  ETA 21.3m  rss 6.3GB
[India] 1500000/4133346  elapsed 3.6m  rate 6977/s  ETA 21.1m  rss 6.3GB
[India] 1600000/4133346  elapsed 3.8m  rate 6980/s  ETA 20.8m  rss 6.3GB
[India] 1700000/4133346  elapsed 4.1m  rate 6980/s  ETA 20.6m  rss 6.3GB
[India] 1800000/4133346  elapsed 4.3m  rate 6982/s  ETA 20.3m  rss 6.3GB
[India] 1900000/4133346  elapsed 4.5m  rate 6980/s  ETA 20.1m  rss 6.3GB
[India] 2000000/4133346  elapsed 4.8m  rate 6981/s  ETA 19.9m  rss 6.3GB
[India] 2100000/4133346  elapsed 5.0m  rate 6999/s  ETA 19.6m  rss 6.3GB
[India] 2200000/4133346  elapsed 5.2m  rate 7022/s  ETA 19.3m  rss 6.3GB
[India] 2300000/4133346  elapsed 5.4m  rate 7042/s  ETA 19.0m  rss 6.3GB
[India] 2400000/4133346  elapsed 5.7m  rate 7058/s  ETA 18.7m  rss 6.3GB
[India] 2500000/4133346  elapsed 5.9m  rate 7073/s  ETA 18.4m  rss 6.3GB
[India] 2600000/4133346  elapsed 6.1m  rate 7089/s  ETA 18.1m  rss 6.3GB
[India] 2700000/4133346  elapsed 6.3m  rate 7104/s  ETA 17.9m  rss 6.4GB
[India] 2800000/4133346  elapsed 6.6m  rate 7116/s  ETA 17.6m  rss 6.5GB
[India] 2900000/4133346  elapsed 6.8m  rate 7127/s  ETA 17.4m  rss 6.5GB
[India] 3000000/4133346  elapsed 7.0m  rate 7140/s  ETA 17.1m  rss 6.6GB
[India] 3100000/4133346  elapsed 7.2m  rate 7149/s  ETA 16.8m  rss 6.7GB
[India] 3200000/4133346  elapsed 7.5m  rate 7154/s  ETA 16.6m  rss 6.8GB
[India] 3300000/4133346  elapsed 7.7m  rate 7162/s  ETA 16.3m  rss 6.8GB
[India] 3400000/4133346  elapsed 7.9m  rate 7170/s  ETA 16.1m  rss 6.9GB
[India] 3500000/4133346  elapsed 8.1m  rate 7175/s  ETA 15.8m  rss 7.0GB
[India] 3600000/4133346  elapsed 8.4m  rate 7182/s  ETA 15.6m  rss 7.1GB
[India] 3700000/4133346  elapsed 8.6m  rate 7187/s  ETA 15.4m  rss 7.1GB
[India] 3800000/4133346  elapsed 8.8m  rate 7193/s  ETA 15.1m  rss 7.2GB
[India] 3900000/4133346  elapsed 9.0m  rate 7199/s  ETA 14.9m  rss 7.3GB
[India] 4000000/4133346  elapsed 9.3m  rate 7205/s  ETA 14.6m  rss 7.4GB
[India] 4100000/4133346  elapsed 9.5m  rate 7210/s  ETA 14.4m  rss 7.4GB
[India] 4133346/4133346  elapsed 9.6m  rate 7211/s  ETA 14.3m  rss 7.4GB
[US] rows 6186873 resume at 0
[US] 100000/6186873  elapsed 9.7m  rate 7256/s  ETA 14.0m  rss 7.4GB
[US] 200000/6186873  elapsed 9.9m  rate 7304/s  ETA 13.7m  rss 7.4GB
[US] 300000/6186873  elapsed 10.1m  rate 7350/s  ETA 13.3m  rss 7.4GB
[US] 400000/6186873  elapsed 10.2m  rate 7397/s  ETA 13.0m  rss 7.4GB
[US] 500000/6186873  elapsed 10.4m  rate 7440/s  ETA 12.7m  rss 7.4GB
[US] 600000/6186873  elapsed 10.5m  rate 7483/s  ETA 12.4m  rss 7.4GB
[US] 700000/6186873  elapsed 10.7m  rate 7516/s  ETA 12.2m  rss 7.4GB
[US] 800000/6186873  elapsed 10.9m  rate 7556/s  ETA 11.9m  rss 7.4GB
[US] 900000/6186873  elapsed 11.0m  rate 7593/s  ETA 11.6m  rss 7.4GB
[US] 1000000/6186873  elapsed 11.2m  rate 7631/s  ETA 11.3m  rss 7.4GB
[US] 1100000/6186873  elapsed 11.4m  rate 7667/s  ETA 11.1m  rss 7.4GB
[US] 1200000/6186873  elapsed 11.5m  rate 7702/s  ETA 10.8m  rss 7.4GB
[US] 1300000/6186873  elapsed 11.7m  rate 7736/s  ETA 10.5m  rss 7.4GB
[US] 1400000/6186873  elapsed 11.9m  rate 7769/s  ETA 10.3m  rss 7.4GB
[US] 1500000/6186873  elapsed 12.0m  rate 7802/s  ETA 10.0m  rss 7.4GB
[US] 1600000/6186873  elapsed 12.2m  rate 7833/s  ETA 9.8m  rss 7.4GB
[US] 1700000/6186873  elapsed 12.4m  rate 7864/s  ETA 9.5m  rss 7.4GB
[US] 1800000/6186873  elapsed 12.5m  rate 7893/s  ETA 9.3m  rss 7.4GB
[US] 1900000/6186873  elapsed 12.7m  rate 7922/s  ETA 9.0m  rss 7.4GB
[US] 2000000/6186873  elapsed 12.9m  rate 7952/s  ETA 8.8m  rss 7.4GB
[US] 2100000/6186873  elapsed 13.0m  rate 7979/s  ETA 8.5m  rss 7.4GB
[US] 2200000/6186873  elapsed 13.2m  rate 8005/s  ETA 8.3m  rss 7.4GB
[US] 2300000/6186873  elapsed 13.4m  rate 8031/s  ETA 8.1m  rss 7.4GB
[US] 2400000/6186873  elapsed 13.5m  rate 8057/s  ETA 7.8m  rss 7.4GB
[US] 2500000/6186873  elapsed 13.7m  rate 8082/s  ETA 7.6m  rss 7.4GB
[US] 2600000/6186873  elapsed 13.8m  rate 8105/s  ETA 7.4m  rss 7.4GB
[US] 2700000/6186873  elapsed 14.0m  rate 8129/s  ETA 7.1m  rss 7.4GB
[US] 2800000/6186873  elapsed 14.2m  rate 8153/s  ETA 6.9m  rss 7.4GB
[US] 2900000/6186873  elapsed 14.3m  rate 8175/s  ETA 6.7m  rss 7.4GB
[US] 3000000/6186873  elapsed 14.5m  rate 8197/s  ETA 6.5m  rss 7.4GB
[US] 3100000/6186873  elapsed 14.7m  rate 8214/s  ETA 6.3m  rss 7.4GB
[US] 3200000/6186873  elapsed 14.9m  rate 8230/s  ETA 6.0m  rss 7.4GB
[US] 3300000/6186873  elapsed 15.0m  rate 8245/s  ETA 5.8m  rss 7.4GB
[US] 3400000/6186873  elapsed 15.2m  rate 8260/s  ETA 5.6m  rss 7.4GB
[US] 3500000/6186873  elapsed 15.4m  rate 8275/s  ETA 5.4m  rss 7.4GB
[US] 3600000/6186873  elapsed 15.5m  rate 8289/s  ETA 5.2m  rss 7.4GB
[US] 3700000/6186873  elapsed 15.7m  rate 8303/s  ETA 5.0m  rss 7.4GB
[US] 3800000/6186873  elapsed 15.9m  rate 8317/s  ETA 4.8m  rss 7.4GB
[US] 3900000/6186873  elapsed 16.1m  rate 8330/s  ETA 4.6m  rss 7.4GB
[US] 4000000/6186873  elapsed 16.2m  rate 8344/s  ETA 4.4m  rss 7.5GB
[US] 4100000/6186873  elapsed 16.4m  rate 8357/s  ETA 4.2m  rss 7.6GB
[US] 4200000/6186873  elapsed 16.6m  rate 8370/s  ETA 4.0m  rss 7.6GB
[US] 4300000/6186873  elapsed 16.8m  rate 8383/s  ETA 3.8m  rss 7.7GB
[US] 4400000/6186873  elapsed 16.9m  rate 8395/s  ETA 3.5m  rss 7.8GB
[US] 4500000/6186873  elapsed 17.1m  rate 8407/s  ETA 3.3m  rss 7.9GB
[US] 4600000/6186873  elapsed 17.3m  rate 8419/s  ETA 3.1m  rss 7.9GB
[US] 4700000/6186873  elapsed 17.5m  rate 8429/s  ETA 2.9m  rss 7.9GB
[US] 4800000/6186873  elapsed 17.6m  rate 8441/s  ETA 2.7m  rss 7.9GB
[US] 4900000/6186873  elapsed 17.8m  rate 8451/s  ETA 2.5m  rss 8.0GB
[US] 5000000/6186873  elapsed 18.0m  rate 8461/s  ETA 2.3m  rss 8.0GB
[US] 5100000/6186873  elapsed 18.2m  rate 8468/s  ETA 2.1m  rss 8.0GB
[US] 5200000/6186873  elapsed 18.3m  rate 8479/s  ETA 1.9m  rss 8.1GB
[US] 5300000/6186873  elapsed 18.5m  rate 8489/s  ETA 1.7m  rss 8.1GB
[US] 5400000/6186873  elapsed 18.7m  rate 8500/s  ETA 1.5m  rss 8.2GB
[US] 5500000/6186873  elapsed 18.9m  rate 8509/s  ETA 1.3m  rss 8.3GB
[US] 5600000/6186873  elapsed 19.0m  rate 8519/s  ETA 1.1m  rss 8.4GB
[US] 5700000/6186873  elapsed 19.2m  rate 8529/s  ETA 1.0m  rss 8.5GB
[US] 5800000/6186873  elapsed 19.4m  rate 8538/s  ETA 0.8m  rss 8.5GB
[US] 5900000/6186873  elapsed 19.6m  rate 8546/s  ETA 0.6m  rss 8.6GB
[US] 6000000/6186873  elapsed 19.7m  rate 8555/s  ETA 0.4m  rss 8.6GB
[US] 6100000/6186873  elapsed 19.9m  rate 8563/s  ETA 0.2m  rss 8.6GB
[US] 6186873/6186873  elapsed 20.1m  rate 8570/s  ETA 0.0m  rss 8.6GB
ENCODE DONE 1204.3483834266663
